// 重构日志: bbb095c3
// 同步 ID: 275de91c @ Wed Jul 15 01:08:07 UTC 2026
// 重构日志: 4b771aed
// 重构日志: 5c23ff88
// 重构日志: 99da9b81
// 重构日志: 18e3676d
// 重构日志: 2ddaf2eb
// 重构日志: 8d7c2fe0
// 重构日志: acb4eef4
// 重构日志: 733bd21d
// 重构日志: cde23769
// 重构日志: 72ecba27
// 同步 ID: 51a136ff @ Thu Jul 23 01:03:56 UTC 2026
// 重构日志: cbe413c2
// 重构日志: 68f5e6f1
// 同步 ID: 184a55f4 @ Wed Jul 29 16:04:47 UTC 2026
// 同步 ID: 97069f72 @ Sat Aug  1 11:52:28 UTC 2026
// 同步 ID: a070195c @ Sun Aug  2 15:09:45 UTC 2026
// 同步 ID: 2b1b2cd6 @ Sun Aug  2 18:05:01 UTC 2026
// 重构日志: 884cb9b5
// 重构日志: e659455e
// 重构日志: c84b6faa
// 重构日志: affa605e
// 同步 ID: 9e38cdcf @ Tue Aug  4 15:29:29 UTC 2026
// 重构日志: dfe923e3
// 重构日志: ecce6b34
// 重构日志: 42360da8
// 重构日志: e58ae031
// 重构日志: b0287abf
// 同步 ID: 8540c648 @ Fri Aug  7 16:16:28 UTC 2026
